// Jest Snapshot v1, https://goo.gl/fbAQLP

exports[`renders correctly 1`] = `
<nav
  className="navbar"
>
  <h1>
    Math Magicians
  </h1>
  <ul>
    <li>
      <a
        href="/math-magicians"
        onClick={[Function]}
      >
        Home
      </a>
    </li>
    <li>
      <a
        href="/math-magicians/Calculator"
        onClick={[Function]}
      >
        Calculator
      </a>
    </li>
    <li>
      <a
        href="/math-magicians/Quote"
        onClick={[Function]}
      >
        Quote
      </a>
    </li>
  </ul>
</nav>
`;
